---
source: yelang-ast/src/test/other.rs
expression: ast
---
Stmt {
    kind: TermExpr(
        Expr {
            kind: ArrayAccess(
                ArrayAccess {
                    base: Expr {
                        kind: ArrayAccess(
                            ArrayAccess {
                                base: Expr {
                                    kind: ArrayAccess(
                                        ArrayAccess {
                                            base: Expr {
                                                kind: ArrayAccess(
                                                    ArrayAccess {
                                                        base: Expr {
                                                            kind: ArrayAccess(
                                                                ArrayAccess {
                                                                    base: Expr {
                                                                        kind: BindAt(
                                                                            BindAtExpr {
                                                                                base: Expr {
                                                                                    kind: Path(
                                                                                        Path {
                                                                                            segments: [
                                                                                                PathSegment {
                                                                                                    ident: Ident {
                                                                                                        symbol: Symbol(
                                                                                                            Spur(1),
                                                                                                        ),
                                                                                                        span: Span {
                                                                                                            start: Position {
                                                                                                                line: 1,
                                                                                                                column: 1,
                                                                                                                absolute: 0,
                                                                                                            },
                                                                                                            end: Position {
                                                                                                                line: 1,
                                                                                                                column: 6,
                                                                                                                absolute: 5,
                                                                                                            },
                                                                                                            syntax_context: 1,
                                                                                                        },
                                                                                                        origin: Plain,
                                                                                                    },
                                                                                                    args: None,
                                                                                                },
                                                                                            ],
                                                                                            is_absolute: false,
                                                                                            span: Span {
                                                                                                start: Position {
                                                                                                    line: 1,
                                                                                                    column: 1,
                                                                                                    absolute: 0,
                                                                                                },
                                                                                                end: Position {
                                                                                                    line: 1,
                                                                                                    column: 7,
                                                                                                    absolute: 6,
                                                                                                },
                                                                                                syntax_context: 1,
                                                                                            },
                                                                                        },
                                                                                    ),
                                                                                    span: Span {
                                                                                        start: Position {
                                                                                            line: 1,
                                                                                            column: 1,
                                                                                            absolute: 0,
                                                                                        },
                                                                                        end: Position {
                                                                                            line: 1,
                                                                                            column: 7,
                                                                                            absolute: 6,
                                                                                        },
                                                                                        syntax_context: 1,
                                                                                    },
                                                                                },
                                                                                at: Ident {
                                                                                    symbol: Symbol(
                                                                                        Spur(2),
                                                                                    ),
                                                                                    span: Span {
                                                                                        start: Position {
                                                                                            line: 1,
                                                                                            column: 7,
                                                                                            absolute: 6,
                                                                                        },
                                                                                        end: Position {
                                                                                            line: 1,
                                                                                            column: 8,
                                                                                            absolute: 7,
                                                                                        },
                                                                                        syntax_context: 1,
                                                                                    },
                                                                                    origin: Plain,
                                                                                },
                                                                            },
                                                                        ),
                                                                        span: Span {
                                                                            start: Position {
                                                                                line: 1,
                                                                                column: 6,
                                                                                absolute: 5,
                                                                            },
                                                                            end: Position {
                                                                                line: 1,
                                                                                column: 8,
                                                                                absolute: 7,
                                                                            },
                                                                            syntax_context: 1,
                                                                        },
                                                                    },
                                                                    index: Range(
                                                                        RangeItem {
                                                                            start: Some(
                                                                                Expr {
                                                                                    kind: Literal(
                                                                                        Int(
                                                                                            IntegerLit {
                                                                                                value: Symbol(
                                                                                                    Spur(3),
                                                                                                ),
                                                                                                suffix: None,
                                                                                            },
                                                                                        ),
                                                                                    ),
                                                                                    span: Span {
                                                                                        start: Position {
                                                                                            line: 1,
                                                                                            column: 9,
                                                                                            absolute: 8,
                                                                                        },
                                                                                        end: Position {
                                                                                            line: 1,
                                                                                            column: 10,
                                                                                            absolute: 9,
                                                                                        },
                                                                                        syntax_context: 1,
                                                                                    },
                                                                                },
                                                                            ),
                                                                            end: Some(
                                                                                Expr {
                                                                                    kind: Path(
                                                                                        Path {
                                                                                            segments: [
                                                                                                PathSegment {
                                                                                                    ident: Ident {
                                                                                                        symbol: Symbol(
                                                                                                            Spur(6),
                                                                                                        ),
                                                                                                        span: Span {
                                                                                                            start: Position {
                                                                                                                line: 1,
                                                                                                                column: 13,
                                                                                                                absolute: 12,
                                                                                                            },
                                                                                                            end: Position {
                                                                                                                line: 1,
                                                                                                                column: 18,
                                                                                                                absolute: 17,
                                                                                                            },
                                                                                                            syntax_context: 1,
                                                                                                        },
                                                                                                        origin: Plain,
                                                                                                    },
                                                                                                    args: None,
                                                                                                },
                                                                                            ],
                                                                                            is_absolute: false,
                                                                                            span: Span {
                                                                                                start: Position {
                                                                                                    line: 1,
                                                                                                    column: 13,
                                                                                                    absolute: 12,
                                                                                                },
                                                                                                end: Position {
                                                                                                    line: 1,
                                                                                                    column: 19,
                                                                                                    absolute: 18,
                                                                                                },
                                                                                                syntax_context: 1,
                                                                                            },
                                                                                        },
                                                                                    ),
                                                                                    span: Span {
                                                                                        start: Position {
                                                                                            line: 1,
                                                                                            column: 13,
                                                                                            absolute: 12,
                                                                                        },
                                                                                        end: Position {
                                                                                            line: 1,
                                                                                            column: 19,
                                                                                            absolute: 18,
                                                                                        },
                                                                                        syntax_context: 1,
                                                                                    },
                                                                                },
                                                                            ),
                                                                            inclusive: true,
                                                                        },
                                                                    ),
                                                                },
                                                            ),
                                                            span: Span {
                                                                start: Position {
                                                                    line: 1,
                                                                    column: 8,
                                                                    absolute: 7,
                                                                },
                                                                end: Position {
                                                                    line: 1,
                                                                    column: 19,
                                                                    absolute: 18,
                                                                },
                                                                syntax_context: 1,
                                                            },
                                                        },
                                                        index: GroupBy(
                                                            GroupBySelector {
                                                                keys: [
                                                                    GroupBySelectorKey {
                                                                        name: Ident {
                                                                            symbol: Symbol(
                                                                                Spur(4),
                                                                            ),
                                                                            span: Span {
                                                                                start: Position {
                                                                                    line: 1,
                                                                                    column: 31,
                                                                                    absolute: 30,
                                                                                },
                                                                                end: Position {
                                                                                    line: 1,
                                                                                    column: 35,
                                                                                    absolute: 34,
                                                                                },
                                                                                syntax_context: 1,
                                                                            },
                                                                            origin: Plain,
                                                                        },
                                                                        expr: Expr {
                                                                            kind: MemberAccess(
                                                                                MemberAccess {
                                                                                    base: Expr {
                                                                                        kind: Path(
                                                                                            Path {
                                                                                                segments: [
                                                                                                    PathSegment {
                                                                                                        ident: Ident {
                                                                                                            symbol: Symbol(
                                                                                                                Spur(2),
                                                                                                            ),
                                                                                                            span: Span {
                                                                                                                start: Position {
                                                                                                                    line: 1,
                                                                                                                    column: 37,
                                                                                                                    absolute: 36,
                                                                                                                },
                                                                                                                end: Position {
                                                                                                                    line: 1,
                                                                                                                    column: 38,
                                                                                                                    absolute: 37,
                                                                                                                },
                                                                                                                syntax_context: 1,
                                                                                                            },
                                                                                                            origin: Plain,
                                                                                                        },
                                                                                                        args: None,
                                                                                                    },
                                                                                                ],
                                                                                                is_absolute: false,
                                                                                                span: Span {
                                                                                                    start: Position {
                                                                                                        line: 1,
                                                                                                        column: 37,
                                                                                                        absolute: 36,
                                                                                                    },
                                                                                                    end: Position {
                                                                                                        line: 1,
                                                                                                        column: 39,
                                                                                                        absolute: 38,
                                                                                                    },
                                                                                                    syntax_context: 1,
                                                                                                },
                                                                                            },
                                                                                        ),
                                                                                        span: Span {
                                                                                            start: Position {
                                                                                                line: 1,
                                                                                                column: 37,
                                                                                                absolute: 36,
                                                                                            },
                                                                                            end: Position {
                                                                                                line: 1,
                                                                                                column: 39,
                                                                                                absolute: 38,
                                                                                            },
                                                                                            syntax_context: 1,
                                                                                        },
                                                                                    },
                                                                                    member: Ident {
                                                                                        symbol: Symbol(
                                                                                            Spur(4),
                                                                                        ),
                                                                                        span: Span {
                                                                                            start: Position {
                                                                                                line: 1,
                                                                                                column: 39,
                                                                                                absolute: 38,
                                                                                            },
                                                                                            end: Position {
                                                                                                line: 1,
                                                                                                column: 43,
                                                                                                absolute: 42,
                                                                                            },
                                                                                            syntax_context: 1,
                                                                                        },
                                                                                        origin: Plain,
                                                                                    },
                                                                                },
                                                                            ),
                                                                            span: Span {
                                                                                start: Position {
                                                                                    line: 1,
                                                                                    column: 38,
                                                                                    absolute: 37,
                                                                                },
                                                                                end: Position {
                                                                                    line: 1,
                                                                                    column: 43,
                                                                                    absolute: 42,
                                                                                },
                                                                                syntax_context: 1,
                                                                            },
                                                                        },
                                                                    },
                                                                    GroupBySelectorKey {
                                                                        name: Ident {
                                                                            symbol: Symbol(
                                                                                Spur(5),
                                                                            ),
                                                                            span: Span {
                                                                                start: Position {
                                                                                    line: 1,
                                                                                    column: 45,
                                                                                    absolute: 44,
                                                                                },
                                                                                end: Position {
                                                                                    line: 1,
                                                                                    column: 49,
                                                                                    absolute: 48,
                                                                                },
                                                                                syntax_context: 1,
                                                                            },
                                                                            origin: Plain,
                                                                        },
                                                                        expr: Expr {
                                                                            kind: MemberAccess(
                                                                                MemberAccess {
                                                                                    base: Expr {
                                                                                        kind: Path(
                                                                                            Path {
                                                                                                segments: [
                                                                                                    PathSegment {
                                                                                                        ident: Ident {
                                                                                                            symbol: Symbol(
                                                                                                                Spur(2),
                                                                                                            ),
                                                                                                            span: Span {
                                                                                                                start: Position {
                                                                                                                    line: 1,
                                                                                                                    column: 51,
                                                                                                                    absolute: 50,
                                                                                                                },
                                                                                                                end: Position {
                                                                                                                    line: 1,
                                                                                                                    column: 52,
                                                                                                                    absolute: 51,
                                                                                                                },
                                                                                                                syntax_context: 1,
                                                                                                            },
                                                                                                            origin: Plain,
                                                                                                        },
                                                                                                        args: None,
                                                                                                    },
                                                                                                ],
                                                                                                is_absolute: false,
                                                                                                span: Span {
                                                                                                    start: Position {
                                                                                                        line: 1,
                                                                                                        column: 51,
                                                                                                        absolute: 50,
                                                                                                    },
                                                                                                    end: Position {
                                                                                                        line: 1,
                                                                                                        column: 53,
                                                                                                        absolute: 52,
                                                                                                    },
                                                                                                    syntax_context: 1,
                                                                                                },
                                                                                            },
                                                                                        ),
                                                                                        span: Span {
                                                                                            start: Position {
                                                                                                line: 1,
                                                                                                column: 51,
                                                                                                absolute: 50,
                                                                                            },
                                                                                            end: Position {
                                                                                                line: 1,
                                                                                                column: 53,
                                                                                                absolute: 52,
                                                                                            },
                                                                                            syntax_context: 1,
                                                                                        },
                                                                                    },
                                                                                    member: Ident {
                                                                                        symbol: Symbol(
                                                                                            Spur(5),
                                                                                        ),
                                                                                        span: Span {
                                                                                            start: Position {
                                                                                                line: 1,
                                                                                                column: 53,
                                                                                                absolute: 52,
                                                                                            },
                                                                                            end: Position {
                                                                                                line: 1,
                                                                                                column: 57,
                                                                                                absolute: 56,
                                                                                            },
                                                                                            syntax_context: 1,
                                                                                        },
                                                                                        origin: Plain,
                                                                                    },
                                                                                },
                                                                            ),
                                                                            span: Span {
                                                                                start: Position {
                                                                                    line: 1,
                                                                                    column: 52,
                                                                                    absolute: 51,
                                                                                },
                                                                                end: Position {
                                                                                    line: 1,
                                                                                    column: 57,
                                                                                    absolute: 56,
                                                                                },
                                                                                syntax_context: 1,
                                                                            },
                                                                        },
                                                                    },
                                                                ],
                                                            },
                                                        ),
                                                    },
                                                ),
                                                span: Span {
                                                    start: Position {
                                                        line: 1,
                                                        column: 19,
                                                        absolute: 18,
                                                    },
                                                    end: Position {
                                                        line: 1,
                                                        column: 60,
                                                        absolute: 59,
                                                    },
                                                    syntax_context: 1,
                                                },
                                            },
                                            index: Enumerate,
                                        },
                                    ),
                                    span: Span {
                                        start: Position {
                                            line: 1,
                                            column: 60,
                                            absolute: 59,
                                        },
                                        end: Position {
                                            line: 1,
                                            column: 71,
                                            absolute: 70,
                                        },
                                        syntax_context: 1,
                                    },
                                },
                                index: Distinct,
                            },
                        ),
                        span: Span {
                            start: Position {
                                line: 1,
                                column: 71,
                                absolute: 70,
                            },
                            end: Position {
                                line: 1,
                                column: 81,
                                absolute: 80,
                            },
                            syntax_context: 1,
                        },
                    },
                    index: DistinctBy(
                        Expr {
                            kind: MemberAccess(
                                MemberAccess {
                                    base: Expr {
                                        kind: Path(
                                            Path {
                                                segments: [
                                                    PathSegment {
                                                        ident: Ident {
                                                            symbol: Symbol(
                                                                Spur(2),
                                                            ),
                                                            span: Span {
                                                                start: Position {
                                                                    line: 1,
                                                                    column: 94,
                                                                    absolute: 93,
                                                                },
                                                                end: Position {
                                                                    line: 1,
                                                                    column: 95,
                                                                    absolute: 94,
                                                                },
                                                                syntax_context: 1,
                                                            },
                                                            origin: Plain,
                                                        },
                                                        args: None,
                                                    },
                                                ],
                                                is_absolute: false,
                                                span: Span {
                                                    start: Position {
                                                        line: 1,
                                                        column: 94,
                                                        absolute: 93,
                                                    },
                                                    end: Position {
                                                        line: 1,
                                                        column: 96,
                                                        absolute: 95,
                                                    },
                                                    syntax_context: 1,
                                                },
                                            },
                                        ),
                                        span: Span {
                                            start: Position {
                                                line: 1,
                                                column: 94,
                                                absolute: 93,
                                            },
                                            end: Position {
                                                line: 1,
                                                column: 96,
                                                absolute: 95,
                                            },
                                            syntax_context: 1,
                                        },
                                    },
                                    member: Ident {
                                        symbol: Symbol(
                                            Spur(4),
                                        ),
                                        span: Span {
                                            start: Position {
                                                line: 1,
                                                column: 96,
                                                absolute: 95,
                                            },
                                            end: Position {
                                                line: 1,
                                                column: 100,
                                                absolute: 99,
                                            },
                                            syntax_context: 1,
                                        },
                                        origin: Plain,
                                    },
                                },
                            ),
                            span: Span {
                                start: Position {
                                    line: 1,
                                    column: 95,
                                    absolute: 94,
                                },
                                end: Position {
                                    line: 1,
                                    column: 100,
                                    absolute: 99,
                                },
                                syntax_context: 1,
                            },
                        },
                    ),
                },
            ),
            span: Span {
                start: Position {
                    line: 1,
                    column: 81,
                    absolute: 80,
                },
                end: Position {
                    line: 1,
                    column: 101,
                    absolute: 100,
                },
                syntax_context: 1,
            },
        },
    ),
    span: Span {
        start: Position {
            line: 1,
            column: 1,
            absolute: 0,
        },
        end: Position {
            line: 1,
            column: 102,
            absolute: 101,
        },
        syntax_context: 1,
    },
}
